src/components/investments/InvestmentsModule.tsx(1962,6): error TS1128: Declaration or statement expected.
src/components/investments/InvestmentsModule.tsx(1963,4): error TS1109: Expression expected.
src/components/investments/InvestmentsModule.tsx(1964,1): error TS1128: Declaration or statement expected.
